---
source: src/app.rs
expression: buffer_to_string(&terminal)
---
                                                         __                                                   
                                        ___  _  ______  / /___  ________                                      
                                       / _ \| |/_/ __ \/ / __ \/ ___/ _ \                                     
                                      /  __/>  </ /_/ / / /_/ / /  /  __/                                     
                                      \___/_/|_/ .___/_/\____/_/   \___/                                      
                                              /_/                                                             
                                                                                                              
                                                                                                              
                                                                                                              
                                       g  GAME - start a new game                                             
                                                                                                              
                                       o  OPTIONS - set game options                                          
                                                                                                              
                                       q  QUIT - exit the application                                         
                                                                                                              
                                                                                                              
                                                                                                              
                                                                                                              
                                           g game  o options  q quit                                          
                                                                                                              
                                                                                                              
                                     Made by Jules B. - Younes E. - Mathi
